app/(patient)/health-profile.tsx(220,25): error TS2322: Type 'string | null | undefined' is not assignable to type 'string | null'.
  Type 'undefined' is not assignable to type 'string | null'.
app/(patient)/health-profile.tsx(278,25): error TS2322: Type 'string | null | undefined' is not assignable to type 'string | null'.
  Type 'undefined' is not assignable to type 'string | null'.
app/(patient)/health-profile.tsx(306,25): error TS2322: Type 'string | null | undefined' is not assignable to type 'string | null'.
  Type 'undefined' is not assignable to type 'string | null'.
app/(patient)/health-profile.tsx(317,25): error TS2322: Type 'string | null | undefined' is not assignable to type 'string | null'.
  Type 'undefined' is not assignable to type 'string | null'.
app/(patient)/profile.tsx(102,21): error TS2304: Cannot find name 't'.
app/(patient)/profile.tsx(102,41): error TS2304: Cannot find name 't'.
app/(patient)/profile.tsx(103,21): error TS2304: Cannot find name 't'.
app/(patient)/profile.tsx(104,21): error TS2304: Cannot find name 't'.
app/(patient)/profile.tsx(167,59): error TS2554: Expected 2 arguments, but got 1.
app/(patient)/profile.tsx(389,51): error TS2304: Cannot find name 't'.
app/(patient)/settings.tsx(42,25): error TS2304: Cannot find name 't'.
app/(patient)/settings.tsx(42,44): error TS2304: Cannot find name 't'.
app/(patient)/settings.tsx(80,58): error TS2304: Cannot find name 't'.
app/(patient)/settings.tsx(82,53): error TS2304: Cannot find name 't'.
app/(patient)/settings.tsx(84,113): error TS2304: Cannot find name 't'.
app/(patient)/settings.tsx(94,68): error TS2304: Cannot find name 't'.
app/(patient)/settings.tsx(100,55): error TS2304: Cannot find name 't'.
app/(patient)/settings.tsx(105,46): error TS2304: Cannot find name 't'.
app/(patient)/settings.tsx(115,55): error TS2304: Cannot find name 't'.
app/(patient)/settings.tsx(120,46): error TS2304: Cannot find name 't'.
app/(patient)/settings.tsx(134,46): error TS2304: Cannot find name 't'.
app/(patient)/settings.tsx(143,33): error TS2304: Cannot find name 't'.
app/(patient)/settings.tsx(230,83): error TS2304: Cannot find name 't'.
app/(patient)/settings.tsx(231,53): error TS2304: Cannot find name 't'.
app/(patient)/settings.tsx(233,113): error TS2304: Cannot find name 't'.
app/(patient)/settings.tsx(253,55): error TS2304: Cannot find name 't'.
app/(patient)/settings.tsx(258,46): error TS2304: Cannot find name 't'.
app/(patient)/settings.tsx(265,55): error TS2304: Cannot find name 't'.
app/(patient)/settings.tsx(270,46): error TS2304: Cannot find name 't'.
app/(patient)/settings.tsx(278,47): error TS2304: Cannot find name 't'.
app/(patient)/tracker.tsx(81,61): error TS2304: Cannot find name 't'.
app/(patient)/tracker.tsx(179,61): error TS2304: Cannot find name 't'.
app/(patient)/tracker.tsx(232,82): error TS2304: Cannot find name 't'.
context/LanguageContext.tsx(31,44): error TS2552: Cannot find name 'Localization'. Did you mean 'Location'?
context/LanguageContext.tsx(57,21): error TS2552: Cannot find name 'Alert'. Did you mean 'alert'?
